../Core/Src/main.c:106:5:_write	24	static
../Core/Src/main.c:114:10:Read_ADC_Channel	40	static
../Core/Src/main.c:132:10:Read_ADC_Filtered	24	static
../Core/Src/main.c:148:6:delay_us	16	static
../Core/Src/main.c:153:6:Set_Servo_Angle	32	static
../Core/Src/main.c:161:6:Set_Pin_Output	40	static
../Core/Src/main.c:169:6:Set_Pin_Input	40	static
../Core/Src/main.c:177:9:DHT11_Check_Response	16	static
../Core/Src/main.c:193:9:DHT11_Read_Byte	16	static
../Core/Src/main.c:215:6:DHT11_Read_Data	8	static,ignoring_inline_asm
../Core/Src/main.c:238:5:main	16	static
../Core/Src/main.c:384:6:SystemClock_Config	88	static
../Core/Src/main.c:419:13:MX_ADC1_Init	24	static
../Core/Src/main.c:449:13:MX_TIM1_Init	32	static
../Core/Src/main.c:478:13:MX_TIM3_Init	64	static
../Core/Src/main.c:520:13:MX_TIM4_Init	64	static
../Core/Src/main.c:562:13:MX_TIM12_Init	56	static
../Core/Src/main.c:597:13:MX_USART1_UART_Init	8	static
../Core/Src/main.c:613:13:MX_GPIO_Init	40	static
../Core/Src/main.c:643:6:Error_Handler	4	static,ignoring_inline_asm
